
> frontend@0.1.0 build
> next build

ΓÜá Warning: Next.js inferred your workspace root, but it may not be correct.
 We detected multiple lockfiles and selected the directory of C:\Users\habti\package-lock.json as the root directory.
 To silence this warning, set `turbopack.root` in your Next.js config, or consider removing one of the lockfiles if it's not needed.
   See https://nextjs.org/docs/app/api-reference/config/next-config-js/turbopack#root-directory for more information.
 Detected additional lockfiles: 
   * C:\Users\habti\OneDrive\Desktop\Documents\gemeda\frontend\package-lock.json

Γû▓ Next.js 16.2.2 (Turbopack)

ΓÜá The "middleware" file convention is deprecated. Please use "proxy" instead. Learn more: https://nextjs.org/docs/messages/middleware-to-proxy
  Creating an optimized production build ...
Γ£ô Compiled successfully in 2.8s
  Running TypeScript ...
Failed to type check.

.next/dev/types/validator.ts:42:39
Type error: Cannot find module '../../../src/app/admin/page.js' or its corresponding type declarations.

  40 | {
  41 |   type __IsExpected<Specific extends AppPageConfig<"/admin">> = Specific
> 42 |   const handler = {} as typeof import("../../../src/app/admin/page.js")
     |                                       ^
  43 |   type __Check = __IsExpected<typeof handler>
  44 |   // @ts-ignore
  45 |   type __Unused = __Check
Next.js build worker exited with code: 1 and signal: null
